// Jest Snapshot v1, https://goo.gl/fbAQLP

exports[`<Modal /> snapshots renders correctly 1`] = `
HTMLCollection [
  <div
    class="C9Y-ModalOverlay C9Y-active"
  />,
  <div
    class="C9Y-ModalPositioner C9Y-Modal-overlayScroll C9Y-active C9Y-visible"
    role="presentation"
    tabindex="-1"
  >
    <div
      aria-hidden="false"
      aria-labelledby="test-guid"
      class="C9Y-ModalContainer C9Y-active"
      role="dialog"
    >
      <div
        class="C9Y-ModalHeader"
      >
        <h2
          class="C9Y-ModalTitle"
          id="test-guid"
        >
          Demo uncontrolled modal
        </h2>
        <button
          class="C9Y-Close-base"
          type="button"
        >
          <svg
            aria-label="close"
            class="C9Y-Icon-base C9Y-Icon-font icon-close"
            role="img"
          >
            <use
              href="#close"
            />
          </svg>
        </button>
      </div>
      <div
        class="C9Y-ModalBody"
      >
        <p>
          This is an uncontrolled modal that will automatically manage its active state using the parent Active component.
        </p>
      </div>
      <div
        class="C9Y-ModalFooter btn-container-x"
      >
        Modal Footer
      </div>
    </div>
  </div>,
]
`;
