// Jest Snapshot v1, https://goo.gl/fbAQLP

exports[`<Modal /> snapshots renders correctly 1`] = `
HTMLCollection [
  <div
    class="🅲ModalOverlay 🅲-active"
  />,
  <div
    class="🅲ModalPositioner 🅲Modal-overlayScroll 🅲-active"
    role="presentation"
    tabindex="-1"
  >
    <div
      aria-hidden="false"
      aria-labelledby="test-guid"
      class="🅲ModalContainer 🅲-active"
      role="dialog"
    >
      <div
        class="🅲ModalHeader"
      >
        <h2
          class="🅲ModalTitle"
          id="test-guid"
        >
          Demo uncontrolled modal
        </h2>
        <button
          class="🅲Close-base"
          type="button"
        >
          <svg
            aria-label="close"
            class="🅲Icon-base 🅲Icon-font icon-close"
            role="img"
          >
            <use
              href="#close"
            />
          </svg>
        </button>
      </div>
      <div
        class="🅲ModalBody"
      >
        <p>
          This is an uncontrolled modal that will automatically manage its active state using the parent Active component.
        </p>
      </div>
      <div
        class="🅲ModalFooter btn-container-x"
      >
        Modal Footer
      </div>
    </div>
  </div>,
]
`;
