// Jest Snapshot v1, https://goo.gl/fbAQLP

exports[`<Active /> snapshots renders correctly 1`] = `
<div
  class="active"
  data-id="test-guid"
>
  <button
    aria-controls="test-guid"
    class="active-action active-action-primary"
    type="button"
  >
    Trigger
  </button>
  <div
    aria-hidden="true"
    class="active-content"
    id="test-guid"
  >
    Content
  </div>
</div>
`;
