// Jest Snapshot v1, https://goo.gl/fbAQLP

exports[`<Active /> snapshots renders correctly 1`] = `
<div
  data-id="guid"
>
  <button
    aria-controls="guid"
    class="btn"
    type="button"
  >
    Trigger
  </button>
  <div
    aria-hidden="true"
    id="guid"
  >
    Content
  </div>
</div>
`;
