// Jest Snapshot v1, https://goo.gl/fbAQLP

exports[`<Dropdown /> snapshots renders correctly 1`] = `
<div
  class="C9Y-Dropdown-base C9Y-Dropdown-bottom"
  data-id="test-guid"
  data-testid="dropdown"
>
  <button
    aria-expanded="false"
    aria-haspopup="true"
    class="C9Y-Button-base C9Y-Button-filled C9Y-DropdownAction"
    id="test-guid"
    type="button"
  >
    Action
  </button>
  <div
    aria-hidden="true"
    aria-labelledby="test-guid"
    class="C9Y-DropdownContent"
  >
    <div
      class="C9Y-DropdownItem"
    >
      Item 1
    </div>
    <div
      class="C9Y-DropdownItem"
    >
      Item 2
    </div>
  </div>
</div>
`;
