// Jest Snapshot v1, https://goo.gl/fbAQLP

exports[`<Dropdown /> snapshots renders correctly 1`] = `
<div
  class="🅲Dropdown-base 🅲Dropdown-bottom"
  data-id="test-guid"
  data-testid="dropdown"
>
  <button
    aria-expanded="false"
    aria-haspopup="true"
    class="🅲Button-base 🅲Button-filled 🅲DropdownAction"
    id="test-guid"
    type="button"
  >
    Action
  </button>
  <div
    aria-hidden="true"
    aria-labelledby="test-guid"
    class="🅲DropdownContent"
  >
    <div
      class="🅲DropdownItem"
    >
      Item 1
    </div>
    <div
      class="🅲DropdownItem"
    >
      Item 2
    </div>
  </div>
</div>
`;
