// Vitest Snapshot v1, https://vitest.dev/guide/snapshot.html

exports[`<Card /> snapshots > renders correctly 1`] = `
<div
  class="C9Y-Card-base C9Y-Card-outlined"
  data-testid="card"
>
  <div
    class="C9Y-CardHeader"
  >
    Header
  </div>
  <div
    class="C9Y-CardBody"
  >
    <h4
      class="C9Y-CardTitle"
    >
      Title
    </h4>
    Body
  </div>
  <div
    class="C9Y-CardFooter"
  >
    Footer
  </div>
</div>
`;
