// Jest Snapshot v1, https://goo.gl/fbAQLP

exports[`<Card /> snapshots renders correctly 1`] = `
<div
  class="🅲Card-base 🅲Card-outlined"
  data-testid="card"
>
  <div
    class="🅲CardHeader"
  >
    Header
  </div>
  <div
    class="🅲CardBody"
  >
    <h4
      class="🅲CardTitle"
    >
      Title
    </h4>
    Body
  </div>
  <div
    class="🅲CardFooter"
  >
    Footer
  </div>
</div>
`;
