// Jest Snapshot v1, https://goo.gl/fbAQLP

exports[`<Active /> snapshots renders correctly 1`] = `
<div
  class="🅲Active-base"
  data-id="test-guid"
  data-testid="active"
>
  <button
    aria-controls="test-guid"
    class="🅲Link-base 🅲Link-text 🅲ActiveAction"
    type="button"
  >
    Action
  </button>
  <div
    aria-hidden="true"
    class="🅲ActiveContent"
    id="test-guid"
  >
    Content
  </div>
</div>
`;
