// Jest Snapshot v1, https://goo.gl/fbAQLP

exports[`renders correctly 1`] = `
<div
  className="popover"
  data-test="popover-container"
  onMouseEnter={[Function]}
  onMouseLeave={[Function]}
>
  <button
    aria-describedby="guid"
    className="btn popover-toggle"
    data-test="popover-toggle"
    onClick={[Function]}
    type="button"
  >
    Trigger
  </button>
  <div
    aria-hidden="true"
    className="popover-content"
    data-test="popover-content"
    id="guid"
    role="tooltip"
  >
    <div
      className="tip-container"
    >
      <div
        className="tip"
      />
    </div>
    Content
  </div>
</div>
`;
