// Jest Snapshot v1, https://goo.gl/fbAQLP

exports[`renders correctly 1`] = `
<div
  className="state"
  data-test="state-container"
  onMouseEnter={undefined}
  onMouseLeave={undefined}
>
  <button
    aria-controls="guid"
    className="btn state-toggle btn-primary"
    data-test="state-toggle"
    onClick={[Function]}
    type="button"
  >
    Trigger
  </button>
  <div
    aria-hidden="true"
    className="state-content"
    data-test="state-content"
    id="guid"
  >
    Content
  </div>
</div>
`;
