// Jest Snapshot v1, https://goo.gl/fbAQLP

exports[`<Dropdown /> snapshots renders correctly 1`] = `
<div
  class="dropdown bottom"
  data-id="test-guid"
>
  <button
    aria-expanded="false"
    aria-haspopup="true"
    class="dropdown-action dropdown-action-primary"
    id="test-guid"
    type="button"
  >
    Trigger
  </button>
  <div
    aria-hidden="true"
    aria-labelledby="test-guid"
    class="dropdown-content"
  >
    <button
      class="dropdown-item dropdown-item-primary"
      type="button"
    >
      Item 1
    </button>
    <button
      class="dropdown-item dropdown-item-primary"
      type="button"
    >
      Item 2
    </button>
  </div>
</div>
`;
