// Jest Snapshot v1, https://goo.gl/fbAQLP

exports[`<Drawer /> snapshots renders correctly 1`] = `
<div
  className="dropdown"
  data-id="guid"
  data-test="dropdown-container"
  onMouseEnter={undefined}
  onMouseLeave={undefined}
>
  <button
    aria-expanded="false"
    aria-haspopup="true"
    className="dropdown-toggle btn"
    data-test="dropdown-trigger"
    id="guid"
    onClick={[Function]}
    type="button"
    value={undefined}
  >
    Trigger
  </button>
  <div
    aria-hidden="true"
    aria-labelledby="guid"
    className="dropdown-content"
    data-test="dropdown-content"
  >
    <button
      className="dropdown-item"
      data-test={undefined}
      onClick={[Function]}
      type="button"
      value={undefined}
    >
      Item 1
    </button>
    <button
      className="dropdown-item"
      data-test={undefined}
      onClick={[Function]}
      type="button"
      value={undefined}
    >
      Item 2
    </button>
  </div>
</div>
`;
