// Jest Snapshot v1, https://goo.gl/fbAQLP

exports[`<Close /> snapshots renders correctly 1`] = `
<button
  aria-label="close"
  class="🅲Close-base"
  data-testid="close"
  type="button"
>
  <svg
    class="🅲Icon-base 🅲Icon-font icon-close"
    role="img"
  >
    <use
      href="#close"
      xlink:href="#close"
    />
  </svg>
</button>
`;
