// Jest Snapshot v1, https://goo.gl/fbAQLP

exports[`<Drawer /> snapshots renders correctly 1`] = `
<div
  class="C9Y-Drawer-base"
  data-id="test-guid"
  data-testid="drawer"
>
  <button
    aria-controls="test-guid"
    aria-expanded="false"
    class="C9Y-Link-base C9Y-Link-text C9Y-DrawerAction"
    type="button"
  >
    Action
  </button>
  <div
    aria-hidden="true"
    class="C9Y-DrawerContent"
    id="test-guid"
  >
    Content
  </div>
</div>
`;
