// Jest Snapshot v1, https://goo.gl/fbAQLP

exports[`<Close /> snapshots renders correctly 1`] = `
<div
  aria-hidden="false"
  aria-labelledby="test-guid"
  class="🅲-modal-overlay fade modal-overlay-scroll"
  data-testid="modal"
  role="presentation"
  tabindex="-1"
>
  <div
    class="modal-positioner"
  >
    <div
      class="modal-container"
      role="dialog"
    >
      <div
        class="🅲-modal-header"
      >
        <h2
          class="🅲-modal-title"
          id="test-guid"
        >
          Demo uncontrolled modal
        </h2>
        <button
          aria-label="close"
          class="🅲-modal-close"
          type="button"
        >
          <svg
            class="🅲-icon icon-close font-variant"
            role="img"
          >
            <use
              href="#close"
              xlink:href="#close"
            />
          </svg>
        </button>
      </div>
      <div
        class="🅲-modal-body"
      >
        <p>
          This is an uncontrolled modal that will automatically manage its active state using the parent Active component.
        </p>
      </div>
      <div
        class="🅲-modal-footer modal-footer btn-container-x"
      >
        Modal Footer
      </div>
    </div>
  </div>
</div>
`;
