// Jest Snapshot v1, https://goo.gl/fbAQLP

exports[`<Tooltip /> snapshots renders correctly 1`] = `
<div
  class=""
  data-id="test-guid"
  data-testid="tooltip"
>
  <button
    aria-describedby="test-guid"
    class="tooltip-action-primary"
    type="button"
  >
    Action
  </button>
  <div
    class="tooltip-content-container"
  >
    <div
      aria-hidden="true"
      class="tooltip-content-primary"
      id="test-guid"
      role="tooltip"
    >
      <div
        class="tip-container"
      >
        <div
          class="tip"
        />
      </div>
      Content
    </div>
  </div>
</div>
`;
