// Jest Snapshot v1, https://goo.gl/fbAQLP

exports[`<Anchor /> snapshots renders btn variants correctly 1`] = `
<div>
  <a
    class="btn btn-primary"
  >
    Link
  </a>
  <a
    class="btn btn-secondary btn-sm"
  >
    Link
  </a>
</div>
`;

exports[`<Anchor /> snapshots renders correctly 1`] = `
<a
  class="a a-primary"
>
  Link
</a>
`;
