// Jest Snapshot v1, https://goo.gl/fbAQLP

exports[`<Alert /> snapshots renders correctly 1`] = `
<div
  aria-hidden="false"
  class="alert fade alert-danger show"
  role="alert"
>
  <div
    class="sr-only"
  >
    danger alert
  </div>
  <div
    class="alert-content"
  >
    Warning!
  </div>
  <button
    aria-label="close"
    class="btn-close alert-close text-danger"
    type="button"
  >
    <svg
      class="icon icon-close font"
      role="img"
    >
      <use
        href="#close"
      />
    </svg>
  </button>
</div>
`;
