// Jest Snapshot v1, https://goo.gl/fbAQLP

exports[`<Card /> snapshots renders correctly 1`] = `
<div
  class=""
  data-testid="card"
>
  <div
    class=""
  >
    Header
  </div>
  <div
    class=""
  >
    <h4
      class=""
    >
      Title
    </h4>
    Body
  </div>
  <div
    class=""
  >
    Footer
  </div>
</div>
`;
