// Jest Snapshot v1, https://goo.gl/fbAQLP

exports[`<Nav /> snapshots renders correctly 1`] = `
<nav
  class=""
  data-testid="nav"
  role="navigation"
>
  <a
    class="nav-item-primary 🅲-active"
    href="#"
  >
    Active
  </a>
  <a
    class="nav-item-primary"
    href="#"
  >
    React
  </a>
  <a
    class="nav-item-primary"
    href="#"
  >
    Redux
  </a>
  <a
    class="nav-item-primary 🅲-disabled"
    disabled=""
    href="#"
  >
    Styles
  </a>
</nav>
`;
