// Jest Snapshot v1, https://goo.gl/fbAQLP

exports[`<Popover /> snapshots renders correctly 1`] = `
<div
  class="popover right"
  data-id="guid"
>
  <button
    aria-describedby="guid"
    class="btn popover-toggle"
    type="button"
  >
    Trigger
  </button>
  <div
    class="popover-content-container"
  >
    <div
      aria-hidden="true"
      class="popover-content"
      id="guid"
      role="tooltip"
    >
      <div
        class="tip-container"
      >
        <div
          class="tip"
        />
      </div>
      Content
    </div>
  </div>
</div>
`;
