// Jest Snapshot v1, https://goo.gl/fbAQLP

exports[`<Alert /> snapshots renders correctly 1`] = `
<div
  aria-hidden="false"
  class="🅲Alert-base 🅲Alert-filled 🅲Alert-dangerColor fade"
  role="alert"
>
  <div
    class="sr-only"
  >
    danger alert
  </div>
  <div
    class="🅲AlertContent"
  >
    Warning!
  </div>
  <button
    aria-label="close"
    class="🅲Close-base 🅲AlertClose"
    type="button"
  >
    <svg
      class="🅲Icon-base 🅲Icon-font icon-close"
      role="img"
    >
      <use
        href="#close"
        xlink:href="#close"
      />
    </svg>
  </button>
</div>
`;
