// Jest Snapshot v1, https://goo.gl/fbAQLP

exports[`renders correctly 1`] = `
<div
  className="drawer"
  data-test="drawer-container"
  onMouseEnter={undefined}
  onMouseLeave={undefined}
>
  <button
    aria-controls="guid"
    aria-expanded="false"
    className="btn drawer-toggle btn-primary"
    data-test="drawer-toggle"
    onClick={[Function]}
    type="button"
  >
    Trigger
  </button>
  <div
    aria-hidden="true"
    className="drawer-content"
    data-test="drawer-content"
    id="guid"
  >
    Content
  </div>
</div>
`;
