// Vitest Snapshot v1, https://vitest.dev/guide/snapshot.html

exports[`<Popover /> snapshots > renders correctly 1`] = `
<div
  class="C9Y-Popover-base C9Y-Popover-right"
  data-id="test-guid"
  data-testid="popover"
>
  <button
    aria-describedby="test-guid"
    class="C9Y-Button-base C9Y-Button-filled C9Y-PopoverAction"
    type="button"
  >
    Toggle
  </button>
  <div
    aria-hidden="true"
    class="C9Y-PopoverContent"
    id="test-guid"
    role="tooltip"
  >
    <div
      class="C9Y-PopoverContentContents"
    >
      <h3
        class="C9Y-PopoverHeading"
      >
        Fun Fact!
      </h3>
      <div
        class="C9Y-PopoverBody"
      >
        <span>
          The new Texas Instrument calculators have ABC keyboards because if they had QWERTY keyboards, they would be considered computers and wouldn't be allowed for standardized test taking.
        </span>
      </div>
    </div>
  </div>
</div>
`;
