// Jest Snapshot v1, https://goo.gl/fbAQLP

exports[`<Popover /> snapshots renders correctly 1`] = `
<div
  class="🅲Popover-base 🅲Popover-right"
  data-id="test-guid"
  data-testid="popover"
>
  <button
    aria-describedby="test-guid"
    class="🅲Button-base 🅲Button-filled 🅲PopoverAction"
    type="button"
  >
    Toggle
  </button>
  <div
    aria-hidden="true"
    class="🅲PopoverContent"
    id="test-guid"
    role="tooltip"
  >
    <div
      class="🅲PopoverContentContents"
    >
      <h3
        class="🅲PopoverHeading"
      >
        Fun Fact!
      </h3>
      <div
        class="🅲PopoverBody"
      >
        <span>
          The new Texas Instrument calculators have ABC keyboards because if they had QWERTY keyboards, they would be considered computers and wouldn't be allowed for standardized test taking.
        </span>
      </div>
    </div>
  </div>
</div>
`;
