// Jest Snapshot v1, https://goo.gl/fbAQLP

exports[`<Tab /> snapshots renders correctly 1`] = `
<div
  class="🅲-tabs"
  data-id="test-guid"
>
  <div
    class="tabs-actions-container"
    role="tablist"
  >
    <button
      aria-controls="test-guid-one-content"
      aria-selected="true"
      class="🅲-tabs-action tabs-action-primary active"
      data-active-id="one"
      id="test-guid-one-tab"
      role="tab"
      type="button"
    >
      Item 1
    </button>
    <button
      aria-controls="test-guid-two-content"
      aria-selected="false"
      class="🅲-tabs-action tabs-action-primary"
      data-active-id="two"
      id="test-guid-two-tab"
      role="tab"
      type="button"
    >
      Tab with long name
    </button>
    <button
      aria-controls="test-guid-three-content"
      aria-selected="false"
      class="🅲-tabs-action tabs-action-primary"
      data-active-id="three"
      id="test-guid-three-tab"
      role="tab"
      type="button"
    >
      Item 3
    </button>
    <button
      aria-controls="test-guid-four-content"
      aria-selected="false"
      class="🅲-tabs-action tabs-action-primary disabled"
      data-active-id="four"
      disabled=""
      id="test-guid-four-tab"
      role="tab"
      type="button"
    >
      Disabled
    </button>
  </div>
  <div
    class="🅲-tabs-content-container"
  >
    <div
      aria-hidden="false"
      aria-labelledby="test-guid-one-action"
      class="🅲-tabs-content tabs-content-primary"
      id="test-guid-one-content"
      role="tabpanel"
    >
      Tab 1
    </div>
    <div
      aria-hidden="true"
      aria-labelledby="test-guid-two-action"
      class="🅲-tabs-content tabs-content-primary"
      id="test-guid-two-content"
      role="tabpanel"
    >
      Tab 2
    </div>
    <div
      aria-hidden="true"
      aria-labelledby="test-guid-three-action"
      class="🅲-tabs-content tabs-content-primary"
      id="test-guid-three-content"
      role="tabpanel"
    >
      Tab 3
    </div>
    <div
      aria-hidden="true"
      aria-labelledby="test-guid-four-action"
      class="🅲-tabs-content tabs-content-primary"
      id="test-guid-four-content"
      role="tabpanel"
    >
      This tab has been disabled
    </div>
  </div>
</div>
`;
