// Jest Snapshot v1, https://goo.gl/fbAQLP

exports[`<Drawer /> snapshots renders correctly 1`] = `
<div
  class="drawer"
  data-id="test-guid"
>
  <button
    aria-controls="test-guid"
    aria-expanded="false"
    class="drawer-action drawer-action-primary"
    type="button"
  >
    Trigger
  </button>
  <div
    aria-hidden="true"
    class="drawer-content"
    id="test-guid"
  >
    Content
  </div>
</div>
`;
